Failed to load resource: the server responded with a status of 404 (File not found)
Loading Pillow, pycryptodome
Loaded Pillow, pycryptodome
[py] [buttons] Detected 40pin GPIO (Raspberry Pi 2 and above)
Set LANGUAGE locale to en
[py] [settings] Removed settings.json
Set LANGUAGE locale to en
[py] starting controller…
[py] controller imported
[py] [controller] libraqm support: NOT AVAILABLE - Complex text rendering may be limited
[py] thread start: MicroSD loop=True target=None
[py] thread start: BackgroundImportThread loop=False target=None
[py] inline thread nothread failed: ModuleNotFoundError: No module named 'numpy'
[py] display() enter: OpeningSplashScreen
[py] show_image #1: mode=RGB size=(320, 240) driver=320x240
[py] show_image #2: mode=RGB size=(320, 240) driver=320x240
[py] show_image #3: mode=RGB size=(320, 240) driver=320x240
[py] sleep(1)
[py] sleep(2)
[py] display() exit: OpeningSplashScreen -> None
Supersampled font load time: 0.0
[py] [controller] Controller: starting RemoveSDCardToastManagerThread
[py] thread start: RemoveSDCardToastManagerThread loop=True target=None
[py] [controller] 
back_stack: []
[py] [controller] Executing MainMenuView()
[py] View.run enter: MainMenuView
[py] [components] Supersampling disabled for large font size: 26
[py] display() enter: MainMenuScreen
[py] wait_for keys=[31, 35, 29, 37, 33, 40, 38, 36]
[py] key index=5 -> 33 accepted=True
[py] display() exit: MainMenuScreen -> 0
[py] View.run exit: MainMenuView
[py] [controller] Appending next destination: ScanView()
[py] [controller] 
back_stack: [
     0: ScanView()
]
[py] [controller] Executing ScanView()
[py] View.run enter: ScanView
[cam] 640x480 decoding with jsQR
[py] display() enter: ScanScreen
[py] thread start: LivePreviewThread loop=True target=None
[py] display() exit: ScanScreen -> None
[py] View.run exit: ScanView
[py] [controller] Appending next destination: SeedFinalizeView()
[py] [controller] 
back_stack: [
     1: SeedFinalizeView()
     0: ScanView()
]
[py] [controller] Executing SeedFinalizeView()
[py] View.run enter: SeedFinalizeView
[py] [components] Supersampling disabled for large font size: 20
Supersampled font load time: 0.0
Supersampled font load time: 0.0
[py] display() enter: SeedFinalizeScreen
[py] wait_for keys=[31, 35, 29, 37, 33, 40, 38, 36]
[py] key index=5 -> 33 accepted=True
[py] display() exit: SeedFinalizeScreen -> 0
[py] View.run exit: SeedFinalizeView
[py] [controller] Appending next destination: SeedOptionsView({'seed_num': 0}) | clear_history: True
[py] [controller] 
back_stack: [
     0: SeedOptionsView({'seed_num': 0}) | clear_history: True
]
[py] [controller] Executing SeedOptionsView({'seed_num': 0}) | clear_history: True
[py] View.run enter: SeedOptionsView
[py] [components] Supersampling disabled for large font size: 20
[py] display() enter: SeedOptionsScreen
[py] wait_for keys=[31, 35, 29, 37, 33, 40, 38, 36]
[py] key index=1 -> 31 accepted=True
[py] wait_for keys=[31, 35, 29, 37, 33, 40, 38, 36]
[py] key index=5 -> 33 accepted=True
[py] display() exit: SeedOptionsScreen -> 1000
[py] View.run exit: SeedOptionsView
[py] [controller] Appending next destination: MainMenuView()
[py] [controller] 
back_stack: []
[py] [controller] Executing MainMenuView()
[py] View.run enter: MainMenuView
[py] [components] Supersampling disabled for large font size: 26
[py] display() enter: MainMenuScreen
[py] wait_for keys=[31, 35, 29, 37, 33, 40, 38, 36]
[py] key index=4 -> 37 accepted=True
[py] wait_for keys=[31, 35, 29, 37, 33, 40, 38, 36]
[py] key index=5 -> 33 accepted=True
[py] display() exit: MainMenuScreen -> 1
[py] View.run exit: MainMenuView
[py] [controller] Appending next destination: SeedsMenuView()
[py] [controller] 
back_stack: [
     0: SeedsMenuView()
]
[py] [controller] Executing SeedsMenuView()
[py] View.run enter: SeedsMenuView
[py] [components] Supersampling disabled for large font size: 20
[py] display() enter: ButtonListScreen
[py] wait_for keys=[31, 35, 29, 37, 33, 40, 38, 36]
[py] key index=5 -> 33 accepted=True
[py] display() exit: ButtonListScreen -> 0
[py] View.run exit: SeedsMenuView
[py] [controller] Appending next destination: SeedOptionsView({'seed_num': 0})
[py] [controller] 
back_stack: [
     1: SeedOptionsView({'seed_num': 0})
     0: SeedsMenuView()
]
[py] [controller] Executing SeedOptionsView({'seed_num': 0})
[py] View.run enter: SeedOptionsView
[py] [components] Supersampling disabled for large font size: 20
[py] display() enter: SeedOptionsScreen
[py] wait_for keys=[31, 35, 29, 37, 33, 40, 38, 36]
[py] key index=1 -> 31 accepted=True
[py] wait_for keys=[31, 35, 29, 37, 33, 40, 38, 36]
[py] key index=5 -> 33 accepted=True
[py] display() exit: SeedOptionsScreen -> 1000
[py] View.run exit: SeedOptionsView
[py] [controller] Appending next destination: MainMenuView()
[py] [controller] 
back_stack: []
[py] [controller] Executing MainMenuView()
[py] View.run enter: MainMenuView
[py] [components] Supersampling disabled for large font size: 26
[py] display() enter: MainMenuScreen
[py] wait_for keys=[31, 35, 29, 37, 33, 40, 38, 36]
[py] key index=5 -> 33 accepted=True
[py] display() exit: MainMenuScreen -> 0
[py] View.run exit: MainMenuView
[py] [controller] Appending next destination: ScanView()
[py] [controller] 
back_stack: [
     0: ScanView()
]
[py] [controller] Executing ScanView()
[py] View.run enter: ScanView
[cam] 640x480 decoding with jsQR
[py] display() enter: ScanScreen
[py] thread start: LivePreviewThread loop=True target=None
[py] display() exit: ScanScreen -> None
[py] View.run exit: ScanView
[py] [controller] Appending next destination: SeedFinalizeView()
[py] [controller] 
back_stack: [
     1: SeedFinalizeView()
     0: ScanView()
]
[py] [controller] Executing SeedFinalizeView()
[py] View.run enter: SeedFinalizeView
[py] [components] Supersampling disabled for large font size: 20
Supersampled font load time: 0.0
Supersampled font load time: 0.0
[py] display() enter: SeedFinalizeScreen
[py] wait_for keys=[31, 35, 29, 37, 33, 40, 38, 36]
[py] key index=5 -> 33 accepted=True
[py] display() exit: SeedFinalizeScreen -> 0
[py] View.run exit: SeedFinalizeView
[py] [controller] Appending next destination: SeedOptionsView({'seed_num': 1}) | clear_history: True
[py] [controller] 
back_stack: [
     0: SeedOptionsView({'seed_num': 1}) | clear_history: True
]
[py] [controller] Executing SeedOptionsView({'seed_num': 1}) | clear_history: True
[py] View.run enter: SeedOptionsView
[py] [components] Supersampling disabled for large font size: 20
[py] display() enter: SeedOptionsScreen
[py] wait_for keys=[31, 35, 29, 37, 33, 40, 38, 36]
[py] key index=1 -> 31 accepted=True
[py] wait_for keys=[31, 35, 29, 37, 33, 40, 38, 36]
[py] key index=5 -> 33 accepted=True
[py] display() exit: SeedOptionsScreen -> 1000
[py] View.run exit: SeedOptionsView
[py] [controller] Appending next destination: MainMenuView()
[py] [controller] 
back_stack: []
[py] [controller] Executing MainMenuView()
[py] View.run enter: MainMenuView
[py] [components] Supersampling disabled for large font size: 26
[py] display() enter: MainMenuScreen
[py] wait_for keys=[31, 35, 29, 37, 33, 40, 38, 36]
[py] key index=4 -> 37 accepted=True
[py] wait_for keys=[31, 35, 29, 37, 33, 40, 38, 36]
[py] key index=5 -> 33 accepted=True
[py] display() exit: MainMenuScreen -> 1
[py] View.run exit: MainMenuView
[py] [controller] Appending next destination: SeedsMenuView()
[py] [controller] 
back_stack: [
     0: SeedsMenuView()
]
[py] [controller] Executing SeedsMenuView()
[py] View.run enter: SeedsMenuView
[py] [components] Supersampling disabled for large font size: 20
[py] display() enter: ButtonListScreen
[py] wait_for keys=[31, 35, 29, 37, 33, 40, 38, 36]
[py] key index=2 -> 35 accepted=True
[py] wait_for keys=[31, 35, 29, 37, 33, 40, 38, 36]
[py] key index=5 -> 33 accepted=True
[py] display() exit: ButtonListScreen -> 1
[py] View.run exit: SeedsMenuView
[py] [controller] Appending next destination: SeedOptionsView({'seed_num': 1})
[py] [controller] 
back_stack: [
     1: SeedOptionsView({'seed_num': 1})
     0: SeedsMenuView()
]
[py] [controller] Executing SeedOptionsView({'seed_num': 1})
[py] View.run enter: SeedOptionsView
[py] [components] Supersampling disabled for large font size: 20
[py] display() enter: SeedOptionsScreen
[py] wait_for keys=[31, 35, 29, 37, 33, 40, 38, 36]
[py] key index=1 -> 31 accepted=True
[py] wait_for keys=[31, 35, 29, 37, 33, 40, 38, 36]
[py] key index=5 -> 33 accepted=True
[py] display() exit: SeedOptionsScreen -> 1000
[py] View.run exit: SeedOptionsView
[py] [controller] Appending next destination: MainMenuView()
[py] [controller] 
back_stack: []
[py] [controller] Executing MainMenuView()
[py] View.run enter: MainMenuView
[py] [components] Supersampling disabled for large font size: 26
[py] display() enter: MainMenuScreen
[py] wait_for keys=[31, 35, 29, 37, 33, 40, 38, 36]
[py] key index=5 -> 33 accepted=True
[py] display() exit: MainMenuScreen -> 0
[py] View.run exit: MainMenuView
[py] [controller] Appending next destination: ScanView()
[py] [controller] 
back_stack: [
     0: ScanView()
]
[py] [controller] Executing ScanView()
[py] View.run enter: ScanView
[cam] 640x480 decoding with jsQR
[py] display() enter: ScanScreen
[py] thread start: LivePreviewThread loop=True target=None
[py] display() exit: ScanScreen -> None
[py] View.run exit: ScanView
[py] [controller] Appending next destination: SeedFinalizeView()
[py] [controller] 
back_stack: [
     1: SeedFinalizeView()
     0: ScanView()
]
[py] [controller] Executing SeedFinalizeView()
[py] View.run enter: SeedFinalizeView
[py] [components] Supersampling disabled for large font size: 20
Supersampled font load time: 0.0
Supersampled font load time: 0.0
[py] display() enter: SeedFinalizeScreen
[py] wait_for keys=[31, 35, 29, 37, 33, 40, 38, 36]
[py] key index=5 -> 33 accepted=True
[py] display() exit: SeedFinalizeScreen -> 0
[py] View.run exit: SeedFinalizeView
[py] [controller] Appending next destination: SeedOptionsView({'seed_num': 2}) | clear_history: True
[py] [controller] 
back_stack: [
     0: SeedOptionsView({'seed_num': 2}) | clear_history: True
]
[py] [controller] Executing SeedOptionsView({'seed_num': 2}) | clear_history: True
[py] View.run enter: SeedOptionsView
[py] [components] Supersampling disabled for large font size: 20
[py] display() enter: SeedOptionsScreen
[py] wait_for keys=[31, 35, 29, 37, 33, 40, 38, 36]
[py] key index=1 -> 31 accepted=True
[py] wait_for keys=[31, 35, 29, 37, 33, 40, 38, 36]
[py] key index=5 -> 33 accepted=True
[py] display() exit: SeedOptionsScreen -> 1000
[py] View.run exit: SeedOptionsView
[py] [controller] Appending next destination: MainMenuView()
[py] [controller] 
back_stack: []
[py] [controller] Executing MainMenuView()
[py] View.run enter: MainMenuView
[py] [components] Supersampling disabled for large font size: 26
[py] display() enter: MainMenuScreen
[py] wait_for keys=[31, 35, 29, 37, 33, 40, 38, 36]
[py] key index=4 -> 37 accepted=True
[py] wait_for keys=[31, 35, 29, 37, 33, 40, 38, 36]
[py] key index=5 -> 33 accepted=True
[py] display() exit: MainMenuScreen -> 1
[py] View.run exit: MainMenuView
[py] [controller] Appending next destination: SeedsMenuView()
[py] [controller] 
back_stack: [
     0: SeedsMenuView()
]
[py] [controller] Executing SeedsMenuView()
[py] View.run enter: SeedsMenuView
[py] [components] Supersampling disabled for large font size: 20
[py] display() enter: ButtonListScreen
[py] wait_for keys=[31, 35, 29, 37, 33, 40, 38, 36]
[py] key index=2 -> 35 accepted=True
[py] wait_for keys=[31, 35, 29, 37, 33, 40, 38, 36]
[py] key index=2 -> 35 accepted=True
[py] wait_for keys=[31, 35, 29, 37, 33, 40, 38, 36]
[py] key index=5 -> 33 accepted=True
[py] display() exit: ButtonListScreen -> 2
[py] View.run exit: SeedsMenuView
[py] [controller] Appending next destination: SeedOptionsView({'seed_num': 2})
[py] [controller] 
back_stack: [
     1: SeedOptionsView({'seed_num': 2})
     0: SeedsMenuView()
]
[py] [controller] Executing SeedOptionsView({'seed_num': 2})
[py] View.run enter: SeedOptionsView
[py] [components] Supersampling disabled for large font size: 20
[py] display() enter: SeedOptionsScreen
[py] wait_for keys=[31, 35, 29, 37, 33, 40, 38, 36]
[py] key index=1 -> 31 accepted=True
[py] wait_for keys=[31, 35, 29, 37, 33, 40, 38, 36]
[py] key index=5 -> 33 accepted=True
[py] display() exit: SeedOptionsScreen -> 1000
[py] View.run exit: SeedOptionsView
[py] [controller] Appending next destination: MainMenuView()
[py] [controller] 
back_stack: []
[py] [controller] Executing MainMenuView()
[py] View.run enter: MainMenuView
[py] [components] Supersampling disabled for large font size: 26
[py] display() enter: MainMenuScreen
[py] wait_for keys=[31, 35, 29, 37, 33, 40, 38, 36]
[py] key index=4 -> 37 accepted=True
[py] wait_for keys=[31, 35, 29, 37, 33, 40, 38, 36]
[py] key index=5 -> 33 accepted=True
[py] display() exit: MainMenuScreen -> 1
[py] View.run exit: MainMenuView
[py] [controller] Appending next destination: SeedsMenuView()
[py] [controller] 
back_stack: [
     0: SeedsMenuView()
]
[py] [controller] Executing SeedsMenuView()
[py] View.run enter: SeedsMenuView
[py] [components] Supersampling disabled for large font size: 20
[py] display() enter: ButtonListScreen
[py] wait_for keys=[31, 35, 29, 37, 33, 40, 38, 36]
[py] key index=5 -> 33 accepted=True
[py] display() exit: ButtonListScreen -> 0
[py] View.run exit: SeedsMenuView
[py] [controller] Appending next destination: SeedOptionsView({'seed_num': 0})
[py] [controller] 
back_stack: [
     1: SeedOptionsView({'seed_num': 0})
     0: SeedsMenuView()
]
[py] [controller] Executing SeedOptionsView({'seed_num': 0})
[py] View.run enter: SeedOptionsView
[py] [components] Supersampling disabled for large font size: 20
[py] display() enter: SeedOptionsScreen
[py] wait_for keys=[31, 35, 29, 37, 33, 40, 38, 36]
[py] key index=2 -> 35 accepted=True
[py] wait_for keys=[31, 35, 29, 37, 33, 40, 38, 36]
[py] key index=5 -> 33 accepted=True
[py] display() exit: SeedOptionsScreen -> 1
[py] View.run exit: SeedOptionsView
[py] [controller] Appending next destination: SeedExportXpubSigTypeView({'seed_num': 0})
[py] [controller] 
back_stack: [
     2: SeedExportXpubSigTypeView({'seed_num': 0})
     1: SeedOptionsView({'seed_num': 0})
     0: SeedsMenuView()
]
[py] [controller] Executing SeedExportXpubSigTypeView({'seed_num': 0})
[py] View.run enter: SeedExportXpubSigTypeView
[py] [components] Supersampling disabled for large font size: 20
[py] display() enter: ButtonListScreen
[py] wait_for keys=[31, 35, 29, 37, 33, 40, 38, 36]
[py] key index=2 -> 35 accepted=True
[py] wait_for keys=[31, 35, 29, 37, 33, 40, 38, 36]
[py] key index=5 -> 33 accepted=True
[py] display() exit: ButtonListScreen -> 1
[py] View.run exit: SeedExportXpubSigTypeView
[py] [controller] Appending next destination: SeedExportXpubScriptTypeView({'seed_num': 0, 'sig_type': 'ms'})
[py] [controller] 
back_stack: [
     3: SeedExportXpubScriptTypeView({'seed_num': 0, 'sig_type': 'ms'})
     2: SeedExportXpubSigTypeView({'seed_num': 0})
     1: SeedOptionsView({'seed_num': 0})
     0: SeedsMenuView()
]
[py] [controller] Executing SeedExportXpubScriptTypeView({'seed_num': 0, 'sig_type': 'ms'})
[py] View.run enter: SeedExportXpubScriptTypeView
[py] [components] Supersampling disabled for large font size: 20
[py] display() enter: ButtonListScreen
[py] wait_for keys=[31, 35, 29, 37, 33, 40, 38, 36]
[py] key index=5 -> 33 accepted=True
[py] display() exit: ButtonListScreen -> 0
[py] View.run exit: SeedExportXpubScriptTypeView
[py] [controller] Appending next destination: SeedExportXpubQRFormatView({'seed_num': 0, 'sig_type': 'ms', 'script_type': 'nat'})
[py] [controller] 
back_stack: [
     4: SeedExportXpubQRFormatView({'seed_num': 0, 'sig_type': 'ms', 'script_type': 'nat'})
     3: SeedExportXpubScriptTypeView({'seed_num': 0, 'sig_type': 'ms'})
     2: SeedExportXpubSigTypeView({'seed_num': 0})
     1: SeedOptionsView({'seed_num': 0})
     0: SeedsMenuView()
]
[py] [controller] Executing SeedExportXpubQRFormatView({'seed_num': 0, 'sig_type': 'ms', 'script_type': 'nat'})
[py] View.run enter: SeedExportXpubQRFormatView
[py] [components] Supersampling disabled for large font size: 20
[py] display() enter: ButtonListScreen
[py] wait_for keys=[31, 35, 29, 37, 33, 40, 38, 36]
[py] key index=2 -> 35 accepted=True
[py] wait_for keys=[31, 35, 29, 37, 33, 40, 38, 36]
[py] key index=5 -> 33 accepted=True
[py] display() exit: ButtonListScreen -> 1
Supersampled font load time: 0.0
[py] View.run exit: SeedExportXpubQRFormatView
[py] [controller] Appending next destination: SeedExportXpubWarningView({'seed_num': 0, 'sig_type': 'ms', 'script_type': 'nat', 'custom_derivation': None, 'xpub_qr_format': 'sta'})
[py] [controller] 
back_stack: [
     5: SeedExportXpubWarningView({'seed_num': 0, 'sig_type': 'ms', 'script_type': 'nat', 'custom_derivation': None, 'xpub_qr_format': 'sta'})
     4: SeedExportXpubQRFormatView({'seed_num': 0, 'sig_type': 'ms', 'script_type': 'nat'})
     3: SeedExportXpubScriptTypeView({'seed_num': 0, 'sig_type': 'ms'})
     2: SeedExportXpubSigTypeView({'seed_num': 0})
     1: SeedOptionsView({'seed_num': 0})
     0: SeedsMenuView()
]
[py] [controller] Executing SeedExportXpubWarningView({'seed_num': 0, 'sig_type': 'ms', 'script_type': 'nat', 'custom_derivation': None, 'xpub_qr_format': 'sta'})
[py] View.run enter: SeedExportXpubWarningView
[py] [components] Supersampling disabled for large font size: 20
Supersampled font load time: 0.0
[py] display() enter: WarningScreen
[py] thread start: WarningEdgesThread loop=True target=None
[py] wait_for keys=[31, 35, 29, 37, 33, 40, 38, 36]
[py] key index=5 -> 33 accepted=True
[py] display() exit: WarningScreen -> 0
[py] View.run exit: SeedExportXpubWarningView
[py] [controller] Skipping current view: SeedExportXpubWarningView({'seed_num': 0, 'sig_type': 'ms', 'script_type': 'nat', 'custom_derivation': None, 'xpub_qr_format': 'sta'})
[py] [controller] Appending next destination: SeedExportXpubDetailsView({'seed_num': 0, 'sig_type': 'ms', 'script_type': 'nat', 'xpub_qr_format': 'sta', 'custom_derivation': None})
[py] [controller] 
back_stack: [
     5: SeedExportXpubDetailsView({'seed_num': 0, 'sig_type': 'ms', 'script_type': 'nat', 'xpub_qr_format': 'sta', 'custom_derivation': None})
     4: SeedExportXpubQRFormatView({'seed_num': 0, 'sig_type': 'ms', 'script_type': 'nat'})
     3: SeedExportXpubScriptTypeView({'seed_num': 0, 'sig_type': 'ms'})
     2: SeedExportXpubSigTypeView({'seed_num': 0})
     1: SeedOptionsView({'seed_num': 0})
     0: SeedsMenuView()
]
[py] [controller] Executing SeedExportXpubDetailsView({'seed_num': 0, 'sig_type': 'ms', 'script_type': 'nat', 'xpub_qr_format': 'sta', 'custom_derivation': None})
[py] View.run enter: SeedExportXpubDetailsView
[py] thread start: LoadingScreenThread loop=True target=None
[py] [components] Supersampling disabled for large font size: 20
Supersampled font load time: 0.0
Supersampled font load time: 0.0
Supersampled font load time: 0.0
Supersampled font load time: 0.0
Supersampled font load time: 0.0
Supersampled font load time: 0.0
[py] display() enter: SeedExportXpubDetailsScreen
[py] thread start: WarningEdgesThread loop=True target=None
[py] wait_for keys=[31, 35, 29, 37, 33, 40, 38, 36]
[py] key index=5 -> 33 accepted=True
[py] display() exit: SeedExportXpubDetailsScreen -> 0
[py] View.run exit: SeedExportXpubDetailsView
[py] [controller] Appending next destination: SeedExportXpubQRDisplayView({'seed_num': 0, 'xpub_qr_format': 'sta', 'derivation_path': "m/48'/1'/0'/2'", 'sig_type': 'ms'})
[py] [controller] 
back_stack: [
     6: SeedExportXpubQRDisplayView({'seed_num': 0, 'xpub_qr_format': 'sta', 'derivation_path': "m/48'/1'/0'/2'", 'sig_type': 'ms'})
     5: SeedExportXpubDetailsView({'seed_num': 0, 'sig_type': 'ms', 'script_type': 'nat', 'xpub_qr_format': 'sta', 'custom_derivation': None})
     4: SeedExportXpubQRFormatView({'seed_num': 0, 'sig_type': 'ms', 'script_type': 'nat'})
     3: SeedExportXpubScriptTypeView({'seed_num': 0, 'sig_type': 'ms'})
     2: SeedExportXpubSigTypeView({'seed_num': 0})
     1: SeedOptionsView({'seed_num': 0})
     0: SeedsMenuView()
]
[py] [controller] Executing SeedExportXpubQRDisplayView({'seed_num': 0, 'xpub_qr_format': 'sta', 'derivation_path': "m/48'/1'/0'/2'", 'sig_type': 'ms'})
[py] View.run enter: SeedExportXpubQRDisplayView
[py] display() enter: QRDisplayScreen
[py] thread start: QRDisplayThread loop=True target=None
Supersampled font load time: 0.0
Supersampled font load time: 0.0
Supersampled font load time: 0.0
Supersampled font load time: 0.0
Supersampled font load time: 0.0
Supersampled font load time: 0.0
Supersampled font load time: 0.0
Supersampled font load time: 0.0
Supersampled font load time: 0.0
Supersampled font load time: 0.0
Supersampled font load time: 0.0
Supersampled font load time: 0.0
[py] display() exit: QRDisplayScreen -> None
[py] View.run exit: SeedExportXpubQRDisplayView
[py] [controller] Appending next destination: MainMenuView()
[py] [controller] 
back_stack: []
[py] [controller] Executing MainMenuView()
[py] View.run enter: MainMenuView
[py] [components] Supersampling disabled for large font size: 26
[py] display() enter: MainMenuScreen
[py] wait_for keys=[31, 35, 29, 37, 33, 40, 38, 36]
[py] key index=4 -> 37 accepted=True
[py] wait_for keys=[31, 35, 29, 37, 33, 40, 38, 36]
[py] key index=5 -> 33 accepted=True
[py] display() exit: MainMenuScreen -> 1
[py] View.run exit: MainMenuView
[py] [controller] Appending next destination: SeedsMenuView()
[py] [controller] 
back_stack: [
     0: SeedsMenuView()
]
[py] [controller] Executing SeedsMenuView()
[py] View.run enter: SeedsMenuView
[py] [components] Supersampling disabled for large font size: 20
[py] display() enter: ButtonListScreen
[py] wait_for keys=[31, 35, 29, 37, 33, 40, 38, 36]
[py] key index=2 -> 35 accepted=True
[py] wait_for keys=[31, 35, 29, 37, 33, 40, 38, 36]
[py] key index=5 -> 33 accepted=True
[py] display() exit: ButtonListScreen -> 1
[py] View.run exit: SeedsMenuView
[py] [controller] Appending next destination: SeedOptionsView({'seed_num': 1})
[py] [controller] 
back_stack: [
     1: SeedOptionsView({'seed_num': 1})
     0: SeedsMenuView()
]
[py] [controller] Executing SeedOptionsView({'seed_num': 1})
[py] View.run enter: SeedOptionsView
[py] [components] Supersampling disabled for large font size: 20
[py] display() enter: SeedOptionsScreen
[py] wait_for keys=[31, 35, 29, 37, 33, 40, 38, 36]
[py] key index=2 -> 35 accepted=True
[py] wait_for keys=[31, 35, 29, 37, 33, 40, 38, 36]
[py] key index=5 -> 33 accepted=True
[py] display() exit: SeedOptionsScreen -> 1
[py] View.run exit: SeedOptionsView
[py] [controller] Appending next destination: SeedExportXpubSigTypeView({'seed_num': 1})
[py] [controller] 
back_stack: [
     2: SeedExportXpubSigTypeView({'seed_num': 1})
     1: SeedOptionsView({'seed_num': 1})
     0: SeedsMenuView()
]
[py] [controller] Executing SeedExportXpubSigTypeView({'seed_num': 1})
[py] View.run enter: SeedExportXpubSigTypeView
[py] [components] Supersampling disabled for large font size: 20
[py] display() enter: ButtonListScreen
[py] wait_for keys=[31, 35, 29, 37, 33, 40, 38, 36]
[py] key index=2 -> 35 accepted=True
[py] wait_for keys=[31, 35, 29, 37, 33, 40, 38, 36]
[py] key index=5 -> 33 accepted=True
[py] display() exit: ButtonListScreen -> 1
[py] View.run exit: SeedExportXpubSigTypeView
[py] [controller] Appending next destination: SeedExportXpubScriptTypeView({'seed_num': 1, 'sig_type': 'ms'})
[py] [controller] 
back_stack: [
     3: SeedExportXpubScriptTypeView({'seed_num': 1, 'sig_type': 'ms'})
     2: SeedExportXpubSigTypeView({'seed_num': 1})
     1: SeedOptionsView({'seed_num': 1})
     0: SeedsMenuView()
]
[py] [controller] Executing SeedExportXpubScriptTypeView({'seed_num': 1, 'sig_type': 'ms'})
[py] View.run enter: SeedExportXpubScriptTypeView
[py] [components] Supersampling disabled for large font size: 20
[py] display() enter: ButtonListScreen
[py] wait_for keys=[31, 35, 29, 37, 33, 40, 38, 36]
[py] key index=5 -> 33 accepted=True
[py] display() exit: ButtonListScreen -> 0
[py] View.run exit: SeedExportXpubScriptTypeView
[py] [controller] Appending next destination: SeedExportXpubQRFormatView({'seed_num': 1, 'sig_type': 'ms', 'script_type': 'nat'})
[py] [controller] 
back_stack: [
     4: SeedExportXpubQRFormatView({'seed_num': 1, 'sig_type': 'ms', 'script_type': 'nat'})
     3: SeedExportXpubScriptTypeView({'seed_num': 1, 'sig_type': 'ms'})
     2: SeedExportXpubSigTypeView({'seed_num': 1})
     1: SeedOptionsView({'seed_num': 1})
     0: SeedsMenuView()
]
[py] [controller] Executing SeedExportXpubQRFormatView({'seed_num': 1, 'sig_type': 'ms', 'script_type': 'nat'})
[py] View.run enter: SeedExportXpubQRFormatView
[py] [components] Supersampling disabled for large font size: 20
[py] display() enter: ButtonListScreen
[py] wait_for keys=[31, 35, 29, 37, 33, 40, 38, 36]
[py] key index=2 -> 35 accepted=True
[py] wait_for keys=[31, 35, 29, 37, 33, 40, 38, 36]
[py] key index=5 -> 33 accepted=True
Supersampled font load time: 0.0
[py] display() exit: ButtonListScreen -> 1
[py] View.run exit: SeedExportXpubQRFormatView
[py] [controller] Appending next destination: SeedExportXpubWarningView({'seed_num': 1, 'sig_type': 'ms', 'script_type': 'nat', 'custom_derivation': None, 'xpub_qr_format': 'sta'})
[py] [controller] 
back_stack: [
     5: SeedExportXpubWarningView({'seed_num': 1, 'sig_type': 'ms', 'script_type': 'nat', 'custom_derivation': None, 'xpub_qr_format': 'sta'})
     4: SeedExportXpubQRFormatView({'seed_num': 1, 'sig_type': 'ms', 'script_type': 'nat'})
     3: SeedExportXpubScriptTypeView({'seed_num': 1, 'sig_type': 'ms'})
     2: SeedExportXpubSigTypeView({'seed_num': 1})
     1: SeedOptionsView({'seed_num': 1})
     0: SeedsMenuView()
]
[py] [controller] Executing SeedExportXpubWarningView({'seed_num': 1, 'sig_type': 'ms', 'script_type': 'nat', 'custom_derivation': None, 'xpub_qr_format': 'sta'})
[py] View.run enter: SeedExportXpubWarningView
[py] [components] Supersampling disabled for large font size: 20
Supersampled font load time: 0.0
[py] display() enter: WarningScreen
[py] thread start: WarningEdgesThread loop=True target=None
[py] wait_for keys=[31, 35, 29, 37, 33, 40, 38, 36]
[py] key index=5 -> 33 accepted=True
[py] display() exit: WarningScreen -> 0
[py] View.run exit: SeedExportXpubWarningView
[py] [controller] Skipping current view: SeedExportXpubWarningView({'seed_num': 1, 'sig_type': 'ms', 'script_type': 'nat', 'custom_derivation': None, 'xpub_qr_format': 'sta'})
[py] [controller] Appending next destination: SeedExportXpubDetailsView({'seed_num': 1, 'sig_type': 'ms', 'script_type': 'nat', 'xpub_qr_format': 'sta', 'custom_derivation': None})
[py] [controller] 
back_stack: [
     5: SeedExportXpubDetailsView({'seed_num': 1, 'sig_type': 'ms', 'script_type': 'nat', 'xpub_qr_format': 'sta', 'custom_derivation': None})
     4: SeedExportXpubQRFormatView({'seed_num': 1, 'sig_type': 'ms', 'script_type': 'nat'})
     3: SeedExportXpubScriptTypeView({'seed_num': 1, 'sig_type': 'ms'})
     2: SeedExportXpubSigTypeView({'seed_num': 1})
     1: SeedOptionsView({'seed_num': 1})
     0: SeedsMenuView()
]
[py] [controller] Executing SeedExportXpubDetailsView({'seed_num': 1, 'sig_type': 'ms', 'script_type': 'nat', 'xpub_qr_format': 'sta', 'custom_derivation': None})
[py] View.run enter: SeedExportXpubDetailsView
[py] thread start: LoadingScreenThread loop=True target=None
[py] [components] Supersampling disabled for large font size: 20
Supersampled font load time: 0.0
Supersampled font load time: 0.0
Supersampled font load time: 0.0
Supersampled font load time: 0.0
Supersampled font load time: 0.0
Supersampled font load time: 0.0
[py] display() enter: SeedExportXpubDetailsScreen
[py] thread start: WarningEdgesThread loop=True target=None
[py] wait_for keys=[31, 35, 29, 37, 33, 40, 38, 36]
[py] key index=5 -> 33 accepted=True
[py] display() exit: SeedExportXpubDetailsScreen -> 0
[py] View.run exit: SeedExportXpubDetailsView
[py] [controller] Appending next destination: SeedExportXpubQRDisplayView({'seed_num': 1, 'xpub_qr_format': 'sta', 'derivation_path': "m/48'/1'/0'/2'", 'sig_type': 'ms'})
[py] [controller] 
back_stack: [
     6: SeedExportXpubQRDisplayView({'seed_num': 1, 'xpub_qr_format': 'sta', 'derivation_path': "m/48'/1'/0'/2'", 'sig_type': 'ms'})
     5: SeedExportXpubDetailsView({'seed_num': 1, 'sig_type': 'ms', 'script_type': 'nat', 'xpub_qr_format': 'sta', 'custom_derivation': None})
     4: SeedExportXpubQRFormatView({'seed_num': 1, 'sig_type': 'ms', 'script_type': 'nat'})
     3: SeedExportXpubScriptTypeView({'seed_num': 1, 'sig_type': 'ms'})
     2: SeedExportXpubSigTypeView({'seed_num': 1})
     1: SeedOptionsView({'seed_num': 1})
     0: SeedsMenuView()
]
[py] [controller] Executing SeedExportXpubQRDisplayView({'seed_num': 1, 'xpub_qr_format': 'sta', 'derivation_path': "m/48'/1'/0'/2'", 'sig_type': 'ms'})
[py] View.run enter: SeedExportXpubQRDisplayView
[py] display() enter: QRDisplayScreen
[py] thread start: QRDisplayThread loop=True target=None
Supersampled font load time: 0.0
Supersampled font load time: 0.0
Supersampled font load time: 0.0
Supersampled font load time: 0.0
Supersampled font load time: 0.0
Supersampled font load time: 0.0
Supersampled font load time: 0.0
Supersampled font load time: 0.0
Supersampled font load time: 0.0
Supersampled font load time: 0.0
Supersampled font load time: 0.0
Supersampled font load time: 0.0
Canvas2D: Multiple readback operations using getImageData are faster with the willReadFrequently attribute set to true. See: https://html.spec.whatwg.org/multipage/canvas.html#concept-canvas-will-read-frequently
[py] display() exit: QRDisplayScreen -> None
[py] View.run exit: SeedExportXpubQRDisplayView
[py] [controller] Appending next destination: MainMenuView()
[py] [controller] 
back_stack: []
[py] [controller] Executing MainMenuView()
[py] View.run enter: MainMenuView
[py] [components] Supersampling disabled for large font size: 26
[py] display() enter: MainMenuScreen
[py] wait_for keys=[31, 35, 29, 37, 33, 40, 38, 36]
[py] key index=4 -> 37 accepted=True
[py] wait_for keys=[31, 35, 29, 37, 33, 40, 38, 36]
[py] key index=5 -> 33 accepted=True
[py] display() exit: MainMenuScreen -> 1
[py] View.run exit: MainMenuView
[py] [controller] Appending next destination: SeedsMenuView()
[py] [controller] 
back_stack: [
     0: SeedsMenuView()
]
[py] [controller] Executing SeedsMenuView()
[py] View.run enter: SeedsMenuView
[py] [components] Supersampling disabled for large font size: 20
[py] display() enter: ButtonListScreen
[py] wait_for keys=[31, 35, 29, 37, 33, 40, 38, 36]
[py] key index=2 -> 35 accepted=True
[py] wait_for keys=[31, 35, 29, 37, 33, 40, 38, 36]
[py] key index=2 -> 35 accepted=True
[py] wait_for keys=[31, 35, 29, 37, 33, 40, 38, 36]
[py] key index=5 -> 33 accepted=True
[py] display() exit: ButtonListScreen -> 2
[py] View.run exit: SeedsMenuView
[py] [controller] Appending next destination: SeedOptionsView({'seed_num': 2})
[py] [controller] 
back_stack: [
     1: SeedOptionsView({'seed_num': 2})
     0: SeedsMenuView()
]
[py] [controller] Executing SeedOptionsView({'seed_num': 2})
[py] View.run enter: SeedOptionsView
[py] [components] Supersampling disabled for large font size: 20
[py] display() enter: SeedOptionsScreen
[py] wait_for keys=[31, 35, 29, 37, 33, 40, 38, 36]
[py] key index=2 -> 35 accepted=True
[py] wait_for keys=[31, 35, 29, 37, 33, 40, 38, 36]
[py] key index=5 -> 33 accepted=True
[py] display() exit: SeedOptionsScreen -> 1
[py] View.run exit: SeedOptionsView
[py] [controller] Appending next destination: SeedExportXpubSigTypeView({'seed_num': 2})
[py] [controller] 
back_stack: [
     2: SeedExportXpubSigTypeView({'seed_num': 2})
     1: SeedOptionsView({'seed_num': 2})
     0: SeedsMenuView()
]
[py] [controller] Executing SeedExportXpubSigTypeView({'seed_num': 2})
[py] View.run enter: SeedExportXpubSigTypeView
[py] [components] Supersampling disabled for large font size: 20
[py] display() enter: ButtonListScreen
[py] wait_for keys=[31, 35, 29, 37, 33, 40, 38, 36]
[py] key index=2 -> 35 accepted=True
[py] wait_for keys=[31, 35, 29, 37, 33, 40, 38, 36]
[py] key index=5 -> 33 accepted=True
[py] display() exit: ButtonListScreen -> 1
[py] View.run exit: SeedExportXpubSigTypeView
[py] [controller] Appending next destination: SeedExportXpubScriptTypeView({'seed_num': 2, 'sig_type': 'ms'})
[py] [controller] 
back_stack: [
     3: SeedExportXpubScriptTypeView({'seed_num': 2, 'sig_type': 'ms'})
     2: SeedExportXpubSigTypeView({'seed_num': 2})
     1: SeedOptionsView({'seed_num': 2})
     0: SeedsMenuView()
]
[py] [controller] Executing SeedExportXpubScriptTypeView({'seed_num': 2, 'sig_type': 'ms'})
[py] View.run enter: SeedExportXpubScriptTypeView
[py] [components] Supersampling disabled for large font size: 20
[py] display() enter: ButtonListScreen
[py] wait_for keys=[31, 35, 29, 37, 33, 40, 38, 36]
[py] key index=5 -> 33 accepted=True
[py] display() exit: ButtonListScreen -> 0
[py] View.run exit: SeedExportXpubScriptTypeView
[py] [controller] Appending next destination: SeedExportXpubQRFormatView({'seed_num': 2, 'sig_type': 'ms', 'script_type': 'nat'})
[py] [controller] 
back_stack: [
     4: SeedExportXpubQRFormatView({'seed_num': 2, 'sig_type': 'ms', 'script_type': 'nat'})
     3: SeedExportXpubScriptTypeView({'seed_num': 2, 'sig_type': 'ms'})
     2: SeedExportXpubSigTypeView({'seed_num': 2})
     1: SeedOptionsView({'seed_num': 2})
     0: SeedsMenuView()
]
[py] [controller] Executing SeedExportXpubQRFormatView({'seed_num': 2, 'sig_type': 'ms', 'script_type': 'nat'})
[py] View.run enter: SeedExportXpubQRFormatView
[py] [components] Supersampling disabled for large font size: 20
[py] display() enter: ButtonListScreen
[py] wait_for keys=[31, 35, 29, 37, 33, 40, 38, 36]
[py] key index=2 -> 35 accepted=True
[py] wait_for keys=[31, 35, 29, 37, 33, 40, 38, 36]
[py] key index=5 -> 33 accepted=True
Supersampled font load time: 0.0
Supersampled font load time: 0.0
[py] display() exit: ButtonListScreen -> 1
[py] View.run exit: SeedExportXpubQRFormatView
[py] [controller] Appending next destination: SeedExportXpubWarningView({'seed_num': 2, 'sig_type': 'ms', 'script_type': 'nat', 'custom_derivation': None, 'xpub_qr_format': 'sta'})
[py] [controller] 
back_stack: [
     5: SeedExportXpubWarningView({'seed_num': 2, 'sig_type': 'ms', 'script_type': 'nat', 'custom_derivation': None, 'xpub_qr_format': 'sta'})
     4: SeedExportXpubQRFormatView({'seed_num': 2, 'sig_type': 'ms', 'script_type': 'nat'})
     3: SeedExportXpubScriptTypeView({'seed_num': 2, 'sig_type': 'ms'})
     2: SeedExportXpubSigTypeView({'seed_num': 2})
     1: SeedOptionsView({'seed_num': 2})
     0: SeedsMenuView()
]
[py] [controller] Executing SeedExportXpubWarningView({'seed_num': 2, 'sig_type': 'ms', 'script_type': 'nat', 'custom_derivation': None, 'xpub_qr_format': 'sta'})
[py] View.run enter: SeedExportXpubWarningView
[py] [components] Supersampling disabled for large font size: 20
[py] display() enter: WarningScreen
[py] thread start: WarningEdgesThread loop=True target=None
[py] wait_for keys=[31, 35, 29, 37, 33, 40, 38, 36]
[py] key index=5 -> 33 accepted=True
[py] display() exit: WarningScreen -> 0
[py] View.run exit: SeedExportXpubWarningView
[py] [controller] Skipping current view: SeedExportXpubWarningView({'seed_num': 2, 'sig_type': 'ms', 'script_type': 'nat', 'custom_derivation': None, 'xpub_qr_format': 'sta'})
[py] [controller] Appending next destination: SeedExportXpubDetailsView({'seed_num': 2, 'sig_type': 'ms', 'script_type': 'nat', 'xpub_qr_format': 'sta', 'custom_derivation': None})
[py] [controller] 
back_stack: [
     5: SeedExportXpubDetailsView({'seed_num': 2, 'sig_type': 'ms', 'script_type': 'nat', 'xpub_qr_format': 'sta', 'custom_derivation': None})
     4: SeedExportXpubQRFormatView({'seed_num': 2, 'sig_type': 'ms', 'script_type': 'nat'})
     3: SeedExportXpubScriptTypeView({'seed_num': 2, 'sig_type': 'ms'})
     2: SeedExportXpubSigTypeView({'seed_num': 2})
     1: SeedOptionsView({'seed_num': 2})
     0: SeedsMenuView()
]
[py] [controller] Executing SeedExportXpubDetailsView({'seed_num': 2, 'sig_type': 'ms', 'script_type': 'nat', 'xpub_qr_format': 'sta', 'custom_derivation': None})
[py] View.run enter: SeedExportXpubDetailsView
[py] thread start: LoadingScreenThread loop=True target=None
[py] [components] Supersampling disabled for large font size: 20
Supersampled font load time: 0.0
Supersampled font load time: 0.0
Supersampled font load time: 0.0
Supersampled font load time: 0.0
Supersampled font load time: 0.0
Supersampled font load time: 0.0
[py] display() enter: SeedExportXpubDetailsScreen
[py] thread start: WarningEdgesThread loop=True target=None
[py] wait_for keys=[31, 35, 29, 37, 33, 40, 38, 36]
[py] key index=5 -> 33 accepted=True
[py] display() exit: SeedExportXpubDetailsScreen -> 0
[py] View.run exit: SeedExportXpubDetailsView
[py] [controller] Appending next destination: SeedExportXpubQRDisplayView({'seed_num': 2, 'xpub_qr_format': 'sta', 'derivation_path': "m/48'/1'/0'/2'", 'sig_type': 'ms'})
[py] [controller] 
back_stack: [
     6: SeedExportXpubQRDisplayView({'seed_num': 2, 'xpub_qr_format': 'sta', 'derivation_path': "m/48'/1'/0'/2'", 'sig_type': 'ms'})
     5: SeedExportXpubDetailsView({'seed_num': 2, 'sig_type': 'ms', 'script_type': 'nat', 'xpub_qr_format': 'sta', 'custom_derivation': None})
     4: SeedExportXpubQRFormatView({'seed_num': 2, 'sig_type': 'ms', 'script_type': 'nat'})
     3: SeedExportXpubScriptTypeView({'seed_num': 2, 'sig_type': 'ms'})
     2: SeedExportXpubSigTypeView({'seed_num': 2})
     1: SeedOptionsView({'seed_num': 2})
     0: SeedsMenuView()
]
[py] [controller] Executing SeedExportXpubQRDisplayView({'seed_num': 2, 'xpub_qr_format': 'sta', 'derivation_path': "m/48'/1'/0'/2'", 'sig_type': 'ms'})
[py] View.run enter: SeedExportXpubQRDisplayView
[py] display() enter: QRDisplayScreen
[py] thread start: QRDisplayThread loop=True target=None
Supersampled font load time: 0.0
Supersampled font load time: 0.0
Supersampled font load time: 0.0
Supersampled font load time: 0.0
Supersampled font load time: 0.0
Supersampled font load time: 0.0
Supersampled font load time: 0.0
Supersampled font load time: 0.0
Supersampled font load time: 0.0
Supersampled font load time: 0.0
Supersampled font load time: 0.0
Supersampled font load time: 0.0
[py] display() exit: QRDisplayScreen -> None
[py] View.run exit: SeedExportXpubQRDisplayView
[py] [controller] Appending next destination: MainMenuView()
[py] [controller] 
back_stack: []
[py] [controller] Executing MainMenuView()
[py] View.run enter: MainMenuView
[py] [components] Supersampling disabled for large font size: 26
[py] display() enter: MainMenuScreen
[py] wait_for keys=[31, 35, 29, 37, 33, 40, 38, 36]
[py] key index=5 -> 33 accepted=True
[py] display() exit: MainMenuScreen -> 0
[py] View.run exit: MainMenuView
[py] [controller] Appending next destination: ScanView()
[py] [controller] 
back_stack: [
     0: ScanView()
]
[py] [controller] Executing ScanView()
[py] View.run enter: ScanView
[cam] 640x480 decoding with jsQR
[py] display() enter: ScanScreen
[py] thread start: LivePreviewThread loop=True target=None
[py] display() exit: ScanScreen -> None
[py] View.run exit: ScanView
[py] [controller] Skipping current view: ScanView()
[py] [controller] Appending next destination: MultisigWalletDescriptorView()
[py] [controller] 
back_stack: [
     0: MultisigWalletDescriptorView()
]
[py] [controller] Executing MultisigWalletDescriptorView()
[py] View.run enter: MultisigWalletDescriptorView
[py] [components] Supersampling disabled for large font size: 20
Supersampled font load time: 0.0
[py] [components] Supersampling disabled for large font size: 20
Supersampled font load time: 0.0
[py] [components] Supersampling disabled for large font size: 24
[py] display() enter: MultisigWalletDescriptorScreen
[py] wait_for keys=[31, 35, 29, 37, 33, 40, 38, 36]
[py] key index=5 -> 33 accepted=True
[py] display() exit: MultisigWalletDescriptorScreen -> 0
[py] View.run exit: MultisigWalletDescriptorView
[py] [controller] Appending next destination: MainMenuView()
[py] [controller] 
back_stack: []
[py] [controller] Executing MainMenuView()
[py] View.run enter: MainMenuView
[py] [components] Supersampling disabled for large font size: 26
[py] display() enter: MainMenuScreen
[py] wait_for keys=[31, 35, 29, 37, 33, 40, 38, 36]
[py] key index=5 -> 33 accepted=True
[py] display() exit: MainMenuScreen -> 0
[py] View.run exit: MainMenuView
[py] [controller] Appending next destination: ScanView()
[py] [controller] 
back_stack: [
     0: ScanView()
]
[py] [controller] Executing ScanView()
[py] View.run enter: ScanView
[cam] 640x480 decoding with jsQR
[py] display() enter: ScanScreen
[py] thread start: LivePreviewThread loop=True target=None
[py] display() exit: ScanScreen -> None
[py] View.run exit: ScanView
[py] [controller] Skipping current view: ScanView()
[py] [controller] Appending next destination: PSBTSelectSeedView()
[py] [controller] 
back_stack: [
     0: PSBTSelectSeedView()
]
[py] [controller] Executing PSBTSelectSeedView()
[py] View.run enter: PSBTSelectSeedView
[py] [components] Supersampling disabled for large font size: 20
[py] display() enter: ButtonListScreen
[py] wait_for keys=[31, 35, 29, 37, 33, 40, 38, 36]
[py] key index=5 -> 33 accepted=True
[py] display() exit: ButtonListScreen -> 0
[py] View.run exit: PSBTSelectSeedView
[py] [controller] Appending next destination: PSBTOverviewView()
[py] [controller] 
back_stack: [
     1: PSBTOverviewView()
     0: PSBTSelectSeedView()
]
[py] [controller] Executing PSBTOverviewView()
[py] View.run enter: PSBTOverviewView
[py] thread start: LoadingScreenThread loop=True target=None
[py] [components] Supersampling disabled for large font size: 20
[py] [components] Supersampling disabled for large font size: 20
[py] display() enter: PSBTOverviewScreen
[py] thread start: TxExplorerAnimationThread loop=True target=None
[py] wait_for keys=[31, 35, 29, 37, 33, 40, 38, 36]
[py] key index=5 -> 33 accepted=True
Supersampled font load time: 0.0
Supersampled font load time: 0.0
[py] display() exit: PSBTOverviewScreen -> 0
[py] View.run exit: PSBTOverviewView
[py] [controller] Appending next destination: PSBTNoChangeWarningView()
[py] [controller] 
back_stack: [
     2: PSBTNoChangeWarningView()
     1: PSBTOverviewView()
     0: PSBTSelectSeedView()
]
[py] [controller] Executing PSBTNoChangeWarningView()
[py] View.run enter: PSBTNoChangeWarningView
[py] [components] Supersampling disabled for large font size: 20
[py] display() enter: WarningScreen
[py] thread start: WarningEdgesThread loop=True target=None
[py] wait_for keys=[31, 35, 29, 37, 33, 40, 38, 36]
[py] key index=5 -> 33 accepted=True
[py] display() exit: WarningScreen -> 0
[py] View.run exit: PSBTNoChangeWarningView
[py] [controller] Skipping current view: PSBTNoChangeWarningView()
[py] [controller] Appending next destination: PSBTMathView()
[py] [controller] 
back_stack: [
     2: PSBTMathView()
     1: PSBTOverviewView()
     0: PSBTSelectSeedView()
]
[py] [controller] Executing PSBTMathView()
[py] View.run enter: PSBTMathView
[py] [components] Supersampling disabled for large font size: 20
[py] display() enter: PSBTMathScreen
[py] wait_for keys=[31, 35, 29, 37, 33, 40, 38, 36]
[py] key index=5 -> 33 accepted=True
[py] display() exit: PSBTMathScreen -> 0
[py] View.run exit: PSBTMathView
[py] [controller] Appending next destination: PSBTAddressDetailsView({'address_num': 0})
[py] [controller] 
back_stack: [
     3: PSBTAddressDetailsView({'address_num': 0})
     2: PSBTMathView()
     1: PSBTOverviewView()
     0: PSBTSelectSeedView()
]
[py] [controller] Executing PSBTAddressDetailsView({'address_num': 0})
[py] View.run enter: PSBTAddressDetailsView
[py] [components] Supersampling disabled for large font size: 20
[py] [components] Supersampling disabled for large font size: 20
[py] display() enter: PSBTAddressDetailsScreen
[py] wait_for keys=[31, 35, 29, 37, 33, 40, 38, 36]
[py] key index=5 -> 33 accepted=True
[py] display() exit: PSBTAddressDetailsScreen -> 0
[py] View.run exit: PSBTAddressDetailsView
[py] [controller] Appending next destination: PSBTFinalizeView()
[py] [controller] 
back_stack: [
     4: PSBTFinalizeView()
     3: PSBTAddressDetailsView({'address_num': 0})
     2: PSBTMathView()
     1: PSBTOverviewView()
     0: PSBTSelectSeedView()
]
Supersampled font load time: 0.0
[py] [controller] Executing PSBTFinalizeView()
[py] View.run enter: PSBTFinalizeView
[py] [components] Supersampling disabled for large font size: 20
[py] display() enter: PSBTFinalizeScreen
[py] wait_for keys=[31, 35, 29, 37, 33, 40, 38, 36]
[py] key index=5 -> 33 accepted=True
[py] display() exit: PSBTFinalizeScreen -> 0
[py] View.run exit: PSBTFinalizeView
[py] [controller] Appending next destination: PSBTSignedQRDisplayView()
[py] [controller] 
back_stack: [
     5: PSBTSignedQRDisplayView()
     4: PSBTFinalizeView()
     3: PSBTAddressDetailsView({'address_num': 0})
     2: PSBTMathView()
     1: PSBTOverviewView()
     0: PSBTSelectSeedView()
]
[py] [controller] Executing PSBTSignedQRDisplayView()
[py] View.run enter: PSBTSignedQRDisplayView
[py] display() enter: QRDisplayScreen
[py] thread start: QRDisplayThread loop=True target=None
Supersampled font load time: 0.0
Supersampled font load time: 0.0
Supersampled font load time: 0.0
Supersampled font load time: 0.0
Supersampled font load time: 0.0
Supersampled font load time: 0.0
Supersampled font load time: 0.0
Supersampled font load time: 0.0
Supersampled font load time: 0.0
Supersampled font load time: 0.0
Supersampled font load time: 0.0
Supersampled font load time: 0.0
Supersampled font load time: 0.0
Supersampled font load time: 0.0
[py] display() exit: QRDisplayScreen -> None
[py] View.run exit: PSBTSignedQRDisplayView
[py] [controller] Appending next destination: MainMenuView() | clear_history: True
[py] [controller] 
back_stack: []
[py] [controller] Executing MainMenuView() | clear_history: True
[py] View.run enter: MainMenuView
[py] [components] Supersampling disabled for large font size: 26
[py] display() enter: MainMenuScreen
[py] wait_for keys=[31, 35, 29, 37, 33, 40, 38, 36]
[py] key index=5 -> 33 accepted=True
[py] display() exit: MainMenuScreen -> 0
[py] View.run exit: MainMenuView
[py] [controller] Appending next destination: ScanView()
[py] [controller] 
back_stack: [
     0: ScanView()
]
[py] [controller] Executing ScanView()
[py] View.run enter: ScanView
[cam] 640x480 decoding with jsQR
[py] display() enter: ScanScreen
[py] thread start: LivePreviewThread loop=True target=None
[py] display() exit: ScanScreen -> None
[py] View.run exit: ScanView
[py] [controller] Skipping current view: ScanView()
[py] [controller] Appending next destination: PSBTSelectSeedView()
[py] [controller] 
back_stack: [
     0: PSBTSelectSeedView()
]
[py] [controller] Executing PSBTSelectSeedView()
[py] View.run enter: PSBTSelectSeedView
[py] [components] Supersampling disabled for large font size: 20
[py] display() enter: ButtonListScreen
[py] wait_for keys=[31, 35, 29, 37, 33, 40, 38, 36]
[py] key index=2 -> 35 accepted=True
[py] wait_for keys=[31, 35, 29, 37, 33, 40, 38, 36]
[py] key index=5 -> 33 accepted=True
[py] display() exit: ButtonListScreen -> 1
[py] View.run exit: PSBTSelectSeedView
[py] [controller] Appending next destination: PSBTOverviewView()
[py] [controller] 
back_stack: [
     1: PSBTOverviewView()
     0: PSBTSelectSeedView()
]
[py] [controller] Executing PSBTOverviewView()
[py] View.run enter: PSBTOverviewView
[py] thread start: LoadingScreenThread loop=True target=None
[py] [components] Supersampling disabled for large font size: 20
[py] [components] Supersampling disabled for large font size: 20
[py] display() enter: PSBTOverviewScreen
[py] thread start: TxExplorerAnimationThread loop=True target=None
[py] wait_for keys=[31, 35, 29, 37, 33, 40, 38, 36]
[py] key index=5 -> 33 accepted=True
[py] display() exit: PSBTOverviewScreen -> 0
[py] View.run exit: PSBTOverviewView
[py] [controller] Appending next destination: PSBTNoChangeWarningView()
[py] [controller] 
back_stack: [
     2: PSBTNoChangeWarningView()
     1: PSBTOverviewView()
     0: PSBTSelectSeedView()
]
[py] [controller] Executing PSBTNoChangeWarningView()
[py] View.run enter: PSBTNoChangeWarningView
[py] [components] Supersampling disabled for large font size: 20
Supersampled font load time: 0.0
Supersampled font load time: 0.0
[py] display() enter: WarningScreen
[py] thread start: WarningEdgesThread loop=True target=None
[py] wait_for keys=[31, 35, 29, 37, 33, 40, 38, 36]
[py] key index=5 -> 33 accepted=True
[py] display() exit: WarningScreen -> 0
[py] View.run exit: PSBTNoChangeWarningView
[py] [controller] Skipping current view: PSBTNoChangeWarningView()
[py] [controller] Appending next destination: PSBTMathView()
[py] [controller] 
back_stack: [
     2: PSBTMathView()
     1: PSBTOverviewView()
     0: PSBTSelectSeedView()
]
[py] [controller] Executing PSBTMathView()
[py] View.run enter: PSBTMathView
[py] [components] Supersampling disabled for large font size: 20
[py] display() enter: PSBTMathScreen
[py] wait_for keys=[31, 35, 29, 37, 33, 40, 38, 36]
[py] key index=5 -> 33 accepted=True
[py] display() exit: PSBTMathScreen -> 0
[py] View.run exit: PSBTMathView
[py] [controller] Appending next destination: PSBTAddressDetailsView({'address_num': 0})
[py] [controller] 
back_stack: [
     3: PSBTAddressDetailsView({'address_num': 0})
     2: PSBTMathView()
     1: PSBTOverviewView()
     0: PSBTSelectSeedView()
]
[py] [controller] Executing PSBTAddressDetailsView({'address_num': 0})
[py] View.run enter: PSBTAddressDetailsView
[py] [components] Supersampling disabled for large font size: 20
[py] [components] Supersampling disabled for large font size: 20
[py] display() enter: PSBTAddressDetailsScreen
[py] wait_for keys=[31, 35, 29, 37, 33, 40, 38, 36]
[py] key index=5 -> 33 accepted=True
[py] display() exit: PSBTAddressDetailsScreen -> 0
[py] View.run exit: PSBTAddressDetailsView
[py] [controller] Appending next destination: PSBTFinalizeView()
[py] [controller] 
back_stack: [
     4: PSBTFinalizeView()
     3: PSBTAddressDetailsView({'address_num': 0})
     2: PSBTMathView()
     1: PSBTOverviewView()
     0: PSBTSelectSeedView()
]
[py] [controller] Executing PSBTFinalizeView()
[py] View.run enter: PSBTFinalizeView
[py] [components] Supersampling disabled for large font size: 20
Supersampled font load time: 0.0
[py] display() enter: PSBTFinalizeScreen
[py] wait_for keys=[31, 35, 29, 37, 33, 40, 38, 36]
[py] key index=5 -> 33 accepted=True
[py] display() exit: PSBTFinalizeScreen -> 0
[py] View.run exit: PSBTFinalizeView
[py] [controller] Appending next destination: PSBTSignedQRDisplayView()
[py] [controller] 
back_stack: [
     5: PSBTSignedQRDisplayView()
     4: PSBTFinalizeView()
     3: PSBTAddressDetailsView({'address_num': 0})
     2: PSBTMathView()
     1: PSBTOverviewView()
     0: PSBTSelectSeedView()
]
[py] [controller] Executing PSBTSignedQRDisplayView()
[py] View.run enter: PSBTSignedQRDisplayView
[py] display() enter: QRDisplayScreen
[py] thread start: QRDisplayThread loop=True target=None
Supersampled font load time: 0.0
Supersampled font load time: 0.0
Supersampled font load time: 0.0
Supersampled font load time: 0.0
Supersampled font load time: 0.0
Supersampled font load time: 0.0
Supersampled font load time: 0.0
Supersampled font load time: 0.0
Supersampled font load time: 0.0
Supersampled font load time: 0.0
Supersampled font load time: 0.0
Supersampled font load time: 0.0
Supersampled font load time: 0.0009999
Supersampled font load time: 0.0
[py] display() exit: QRDisplayScreen -> None
[py] View.run exit: PSBTSignedQRDisplayView
[py] [controller] Appending next destination: MainMenuView() | clear_history: True
[py] [controller] 
back_stack: []
[py] [controller] Executing MainMenuView() | clear_history: True
[py] View.run enter: MainMenuView
[py] [components] Supersampling disabled for large font size: 26
[py] display() enter: MainMenuScreen
[py] wait_for keys=[31, 35, 29, 37, 33, 40, 38, 36]
